[19:52:49] [ServerMain/INFO]: [bootstrap] Running Java 21 (OpenJDK 64-Bit Server VM 21.0.12.1+1; Arch Linux null) on Linux 7.2.8-arch1-2 (amd64)
[19:52:49] [ServerMain/INFO]: [bootstrap] Loading Paper 1.21.8-60-main@29c8822 (2025-09-06T21:49:13Z) for Minecraft 1.21.8
[19:52:49] [ServerMain/INFO]: [PluginInitializerManager] Initializing plugins...
[19:52:50] [Paper Plugin Remapper Thread - 2/INFO]: [PluginRemapper] Remapping plugin '/home/user/Projects/java/plugins/deGraffiti/build/libs/deGraffiti-0.1.0.jar'...
[19:52:50] [Paper Plugin Remapper Thread - 2/INFO]: [PluginRemapper] Done remapping plugin '/home/user/Projects/java/plugins/deGraffiti/build/libs/deGraffiti-0.1.0.jar' in 340ms.
[19:52:50] [ServerMain/INFO]: [PluginInitializerManager] Initialized 1 plugin
[19:52:50] [ServerMain/INFO]: [PluginInitializerManager] Bukkit plugins (1):
 - deGraffiti (0.1.0)
[19:52:56] [ServerMain/INFO]: Environment: Environment[sessionHost=https://sessionserver.mojang.com, servicesHost=https://api.minecraftservices.com, name=PROD]
[19:52:59] [ServerMain/INFO]: Loaded 1407 recipes
[19:52:59] [ServerMain/INFO]: Loaded 1520 advancements
[19:52:59] [ServerMain/INFO]: [ca.spottedleaf.dataconverter.minecraft.datatypes.MCTypeRegistry] Initialising converters for DataConverter...
[19:52:59] [ServerMain/INFO]: [ca.spottedleaf.dataconverter.minecraft.datatypes.MCTypeRegistry] Finished initialising converters for DataConverter in 543.8ms
[19:52:59] [Server thread/INFO]: Starting minecraft server version 1.21.8
[19:52:59] [Server thread/INFO]: Loading properties
[19:52:59] [Server thread/INFO]: This server is running Paper version 1.21.8-60-main@29c8822 (2025-09-06T21:49:13Z) (Implementing API version 1.21.8-R0.1-SNAPSHOT)
[19:52:59] [Server thread/INFO]: [spark] This server bundles the spark profiler. For more information please visit https://docs.papermc.io/paper/profiling
[19:53:00] [Server thread/INFO]: Server Ping Player Sample Count: 12
[19:53:00] [Server thread/INFO]: Using 4 threads for Netty based IO
[19:53:01] [Server thread/INFO]: [MoonriseCommon] Paper is using 4 worker threads, 1 I/O threads
[19:53:01] [Server thread/INFO]: [ChunkTaskScheduler] Chunk system is using population gen parallelism: true
[19:53:01] [Server thread/INFO]: Default game type: SURVIVAL
[19:53:01] [Server thread/INFO]: Generating keypair
[19:53:01] [Server thread/INFO]: Starting Minecraft server on *:25565
[19:53:01] [Server thread/INFO]: Using epoll channel type
[19:53:01] [Server thread/INFO]: Paper: Using libdeflate (Linux x86_64) compression from Velocity.
[19:53:01] [Server thread/INFO]: Paper: Using OpenSSL 3.x.x (Linux x86_64) cipher from Velocity.
[19:53:01] [Server thread/ERROR]: [ModernPluginLoadingStrategy] Ambiguous plugin name 'deGraffiti' for files 'plugins/.paper-remapped/extra-plugins/deGraffiti-0.1.0-1791305570061.jar' and 'plugins/.paper-remapped/deGraffiti-0.1.0.jar' in 'plugins/.paper-remapped'
[19:53:01] [Server thread/INFO]: [deGraffiti] Loading server plugin deGraffiti v0.1.0
[19:53:01] [Server thread/INFO]: Server permissions file permissions.yml is empty, ignoring it
[19:53:01] [Server thread/INFO]: Preparing level "world"
[19:53:02] [Server thread/INFO]: Preparing start region for dimension minecraft:overworld
[19:53:02] [Server thread/INFO]: Preparing spawn area: 0%
[19:53:03] [Server thread/INFO]: Preparing spawn area: 2%
[19:53:03] [Server thread/INFO]: Preparing spawn area: 2%
[19:53:03] [Server thread/INFO]: Time elapsed: 1151 ms
[19:53:03] [Server thread/INFO]: Preparing start region for dimension minecraft:the_nether
[19:53:03] [Server thread/INFO]: Preparing spawn area: 0%
[19:53:03] [Server thread/INFO]: Time elapsed: 103 ms
[19:53:03] [Server thread/INFO]: Preparing start region for dimension minecraft:the_end
[19:53:03] [Server thread/INFO]: Preparing spawn area: 0%
[19:53:03] [Server thread/INFO]: Time elapsed: 98 ms
[19:53:03] [Server thread/INFO]: [deGraffiti] Enabling deGraffiti v0.1.0
[19:53:04] [Server thread/INFO]: [spark] Starting background profiler...
[19:53:04] [Server thread/INFO]: Done preparing level "world" (2.424s)
[19:53:04] [Server thread/INFO]: Running delayed init tasks
[19:53:04] [Server thread/INFO]: Done (15.922s)! For help, type "help"
[19:53:19] [User Authenticator #0/INFO]: UUID of player bloopniy is e317f05f-1e0e-4e8c-bdff-317044f5de4b
[19:53:19] [Server thread/INFO]: bloopniy joined the game
[19:53:20] [Server thread/INFO]: bloopniy[/127.0.0.1:47570] logged in with entity id 205 at ([world]105.83203602833727, 88.0, 38.17506659988828)
[19:54:37] [Server thread/INFO]: Stopping server
[19:54:37] [Server thread/INFO]: [deGraffiti] Disabling deGraffiti v0.1.0
[19:54:37] [Server thread/INFO]: Saving players
[19:54:38] [Server thread/INFO]: bloopniy lost connection: Server closed
[19:54:38] [Server thread/INFO]: bloopniy left the game
[19:54:38] [Server thread/INFO]: Saving worlds
[19:54:38] [Server thread/INFO]: Saving chunks for level 'ServerLevel[world]'/minecraft:overworld
[19:54:38] [Server thread/INFO]: [ChunkHolderManager] Waiting 60s for chunk system to halt for world 'world'
[19:54:38] [Server thread/INFO]: [ChunkHolderManager] Halted chunk system for world 'world'
[19:54:38] [Server thread/INFO]: [ChunkHolderManager] Saving all chunkholders for world 'world'
[19:54:39] [Server thread/INFO]: [ChunkHolderManager] Saved 625 block chunks, 625 entity chunks, 0 poi chunks in world 'world' in 0.97s
[19:54:39] [Server thread/INFO]: [ChunkHolderManager] Waiting 60s for chunk I/O to halt for world 'world'
[19:54:39] [Server thread/INFO]: [ChunkHolderManager] Halted I/O scheduler for world 'world'
[19:54:39] [Server thread/INFO]: Saving chunks for level 'ServerLevel[world_nether]'/minecraft:the_nether
[19:54:39] [Server thread/INFO]: [ChunkHolderManager] Waiting 60s for chunk system to halt for world 'world_nether'
[19:54:39] [Server thread/INFO]: [ChunkHolderManager] Halted chunk system for world 'world_nether'
[19:54:39] [Server thread/INFO]: [ChunkHolderManager] Saving all chunkholders for world 'world_nether'
[19:54:39] [Server thread/INFO]: [ChunkHolderManager] Saved 49 block chunks, 49 entity chunks, 0 poi chunks in world 'world_nether' in 0.05s
[19:54:39] [Server thread/INFO]: [ChunkHolderManager] Waiting 60s for chunk I/O to halt for world 'world_nether'
[19:54:39] [Server thread/INFO]: [ChunkHolderManager] Halted I/O scheduler for world 'world_nether'
[19:54:39] [Server thread/INFO]: Saving chunks for level 'ServerLevel[world_the_end]'/minecraft:the_end
[19:54:39] [Server thread/INFO]: [ChunkHolderManager] Waiting 60s for chunk system to halt for world 'world_the_end'
[19:54:39] [Server thread/INFO]: [ChunkHolderManager] Halted chunk system for world 'world_the_end'
[19:54:39] [Server thread/INFO]: [ChunkHolderManager] Saving all chunkholders for world 'world_the_end'
[19:54:39] [Server thread/INFO]: [ChunkHolderManager] Saved 49 block chunks, 49 entity chunks, 0 poi chunks in world 'world_the_end' in 0.06s
[19:54:39] [Server thread/INFO]: [ChunkHolderManager] Waiting 60s for chunk I/O to halt for world 'world_the_end'
[19:54:39] [Server thread/INFO]: [ChunkHolderManager] Halted I/O scheduler for world 'world_the_end'
[19:54:39] [Server thread/INFO]: ThreadedAnvilChunkStorage (world): All chunks are saved
[19:54:39] [Server thread/INFO]: ThreadedAnvilChunkStorage (DIM-1): All chunks are saved
[19:54:39] [Server thread/INFO]: ThreadedAnvilChunkStorage (DIM1): All chunks are saved
[19:54:39] [Server thread/INFO]: ThreadedAnvilChunkStorage: All dimensions are saved
[19:54:39] [Server thread/INFO]: Waiting for all RegionFile I/O tasks to complete...
[19:54:39] [Server thread/INFO]: All RegionFile I/O tasks to complete
[19:54:39] [Server thread/INFO]: [MoonriseCommon] Awaiting termination of worker pool for up to 60s...
[19:54:39] [Server thread/INFO]: [MoonriseCommon] Awaiting termination of I/O pool for up to 60s...
